{'program': None, 'code': 102, 'message': 'Memory allocation error'}
{'program': None, 'code': 101, 'message': 'No program loaded'}
